c:\direct12\game\client\x64\debug\client.pch
c:\direct12\game\client\x64\debug\vc143.pdb
c:\direct12\game\client\x64\debug\vc143.idb
c:\direct12\game\client\x64\debug\pch.obj
c:\direct12\game\client\x64\debug\game.obj
c:\direct12\game\client\x64\debug\client.obj
c:\direct12\game\x64\debug\client.exe
c:\direct12\game\x64\debug\client.pdb
c:\direct12\game\client\x64\debug\client.res
c:\direct12\game\client\x64\debug\client.ilk
c:\direct12\game\client\x64\debug\client.tlog\cl.command.1.tlog
c:\direct12\game\client\x64\debug\client.tlog\cl.items.tlog
c:\direct12\game\client\x64\debug\client.tlog\cl.read.1.tlog
c:\direct12\game\client\x64\debug\client.tlog\cl.write.1.tlog
c:\direct12\game\client\x64\debug\client.tlog\link.command.1.tlog
c:\direct12\game\client\x64\debug\client.tlog\link.read.1.tlog
c:\direct12\game\client\x64\debug\client.tlog\link.secondary.1.tlog
c:\direct12\game\client\x64\debug\client.tlog\link.write.1.tlog
c:\direct12\game\client\x64\debug\client.tlog\rc.command.1.tlog
c:\direct12\game\client\x64\debug\client.tlog\rc.read.1.tlog
c:\direct12\game\client\x64\debug\client.tlog\rc.write.1.tlog
